// Jest Snapshot v1, https://goo.gl/fbAQLP

exports[`Prueba componente de orden superior HOC con redux Compara snapshot del componente ManageRooms renderizado 1`] = `
<div
  className="sc-AxiKw bvTGbm"
  data-testid="book"
>
  <div
    className="card-rooms"
    data-testid="find-bookings"
  >
    <div
      className="row"
    >
      <div
        className="card filter-area "
      >
        <h4
          className="mt-3"
        >
          Encuentra tu reserva
        </h4>
        <div
          className="col"
        >
          <form
            action="#"
            data-testid="form-find-bookings"
            onReset={[Function]}
            onSubmit={[Function]}
          >
            <div
              className="form-group row mb-3 mt-3"
            >
              <div
                className=" col-12 col-md-4"
              >
                <label
                  className="col-12 col-form-label"
                  htmlFor="email"
                >
                  Correo electrónico*
                </label>
                <input
                  className="form-control col-12"
                  data-testid="form-bookings-email"
                  name="email"
                  onBlur={[Function]}
                  onChange={[Function]}
                  placeholder="eje: joe@email.com"
                  type="email"
                  value=""
                />
              </div>
              <div
                className="col-12 col-md-4"
              >
                <label
                  className="col-12 col-form-label"
                  htmlFor="identification_type"
                >
                  Tipo de identificación*
                </label>
                <select
                  aria-label=".form-select"
                  className=" d-block w-100"
                  data-testid="form-bookings-identification_type"
                  id="identification_type"
                  name="identification_type"
                  onBlur={[Function]}
                  onChange={[Function]}
                  value=""
                >
                  <option
                    value=""
                  >
                    Seleccione
                  </option>
                  <option
                    value="1"
                  >
                    Cédula de ciudadanía
                  </option>
                  <option
                    value="2"
                  >
                    Cédula de extranjeria
                  </option>
                  <option
                    value="3"
                  >
                    Nit
                  </option>
                  <option
                    value="4"
                  >
                    Pasaporte
                  </option>
                </select>
              </div>
              <div
                className=" col-12 col-md-4"
              >
                <label
                  className="col-12 col-form-label"
                  htmlFor="identification"
                >
                  Identificación*
                </label>
                <input
                  className="form-control"
                  data-testid="form-bookings-identification"
                  id="identification"
                  name="identification"
                  onBlur={[Function]}
                  onChange={[Function]}
                  placeholder="eje: 60830147"
                  value=""
                />
              </div>
            </div>
            <div
              className="row"
            >
              <div
                className="mt-4 text-center"
              >
                <button
                  className="sc-AxjAm cYJbNq btn w-75"
                  data-testid="form-bookings-btn-submit"
                  type="submit"
                >
                  Buscar
                </button>
              </div>
              <div
                className="text-center mb-2 mt-1"
              >
                <button
                  className="sc-AxjAm cYJbNq button-link"
                  data-testid="form-bookings-btn-reset"
                  type="reset"
                >
                  limpiar
                </button>
              </div>
            </div>
          </form>
        </div>
      </div>
    </div>
  </div>
  <div
    className="card-rooms"
    data-testid="list-bookings"
  >
    <div
      className="row pt-5"
    >
      <div
        className="col"
      >
        <div
          className="card room-item"
          data-testid="card-information-bookigns"
        >
          <div
            className="card-header book-item-header "
          >
            <h3>
              Cencor hotel
            </h3>
          </div>
          <div
            className="card-body"
          >
            <div
              className="row"
            >
              <div
                className="col-12 col-md-6 col-lg-3"
              >
                <h5>
                  A nombre de:
                </h5>
                <span>
                  oscar andres
                </span>
                <h5
                  className="mt-2"
                >
                  Ingreso:
                </h5>
                <span>
                  2021-05-02
                </span>
              </div>
              <div
                className="col-12 col-md-6 col-lg-3"
              >
                <h5>
                  Habitación:
                </h5>
                <span>
                  Peace and Love
                </span>
                <h5
                  className="mt-2"
                >
                  Salida:
                </h5>
                <span>
                  2021-05-04
                </span>
              </div>
              <div
                className="col-12 col-md-6 col-lg-3"
              >
                <h5>
                  Valor:
                </h5>
                <span>
                  56.000
                </span>
                <h5
                  className="mt-2"
                >
                  Camas:
                </h5>
                <span>
                  1
                </span>
              </div>
              <div
                className="col-12 col-md-6 col-lg-3"
              >
                <div
                  aria-labelledby="modalDetailBookLabel"
                  className="modal fade"
                  data-testid="modal-detail-book"
                  id="modalDetailBook"
                >
                  <div
                    className="modal-dialog modal-xl"
                  >
                    <div
                      className="modal-content"
                    >
                      <div
                        className="modal-header"
                      >
                        <h5
                          className="modal-title"
                          id="modalDetailBookLabel"
                        >
                          Detalles de tu reserva
                        </h5>
                        <button
                          aria-label="Close"
                          className="btn-close"
                          data-bs-dismiss="modal"
                          type="button"
                        />
                      </div>
                      <div
                        className="modal-body"
                      />
                    </div>
                  </div>
                </div>
                <button
                  className="btn btn-primary btn-book w-100"
                  data-bs-target="#modalDetailBook"
                  data-bs-toggle="modal"
                  data-testid="list-book-btn-detail"
                  onClick={[Function]}
                  type="button"
                >
                  <i
                    className="fas fa-check ml-3"
                  />
                   Detalles
                </button>
                <button
                  className="btn btn-danger btn-book w-100 mt-3"
                  data-bs-target="#modalDeleteBook"
                  data-bs-toggle="modal"
                  data-testid="list-book-btn-cancel"
                  onClick={[Function]}
                  type="button"
                >
                  <i
                    className="fas fa-times ml-3"
                  />
                   Cancelar
                </button>
                <div
                  aria-labelledby="modalDeleteBookLabel"
                  className="modal fade"
                  data-testid="modal-book-delete"
                  id="modalDeleteBook"
                >
                  <div
                    className="modal-dialog modal-xl"
                  >
                    <div
                      className="modal-content"
                    >
                      <div
                        className="modal-header"
                      >
                        <h5
                          className="modal-title"
                          id="modalDeleteBookLabel"
                        >
                          Eliminar reserva
                        </h5>
                        <button
                          aria-label="Close"
                          className="btn-close"
                          data-bs-dismiss="modal"
                          type="button"
                        />
                      </div>
                      <div
                        className="modal-body"
                      />
                      <div
                        className="modal-footer"
                      >
                        <div
                          className="d-flex justify-content-between w-100"
                        >
                          <button
                            className="btn btn-secondary w-25"
                            data-bs-dismiss="modal"
                            data-testid="modal-book-delete-no"
                            type="button"
                          >
                            No
                          </button>
                          <button
                            className="btn btn-danger w-25"
                            data-testid="modal-book-delete-cancel"
                            onClick={[Function]}
                            type="button"
                          >
                            Sí, cancelar
                          </button>
                        </div>
                      </div>
                    </div>
                  </div>
                </div>
              </div>
            </div>
          </div>
        </div>
      </div>
    </div>
  </div>
</div>
`;
