// Jest Snapshot v1, https://goo.gl/fbAQLP

exports[`Compara snapshot del componente RoomDetailView 1`] = `
<div
  className="card card-detail-screen"
>
  <div
    className="mt-3 ml-3 text-center"
  >
    <h3>
      Detalle de habitación
    </h3>
  </div>
  <div
    className="card-rooms"
    data-testid="room-detail-view"
  >
    <div
      className="row pt-5"
    >
      <div
        className="col"
      >
        <div
          className="card room-item"
          data-testid="card-information"
        >
          <div
            className="card-header room-item-header "
          >
            <h3>
              Gold Hotel 5
            </h3>
            <h4>
              8.7
            </h4>
          </div>
          <div
            className="card-body"
          >
            <div
              className="row"
            >
              <div
                className="col col-md-4"
              >
                <img
                  alt="hotel room"
                  className="img-fluid"
                  height="180px"
                  src="https://static.abc.es/Media/201504/27/hotel12--644x362.jpg"
                  width="260px"
                />
              </div>
              <div
                className="col col-md-8"
              >
                <div
                  className="row"
                >
                  <div
                    className="col-12 col-lg-8"
                  >
                    <h5
                      className="card-title"
                    >
                      Suite full. Caroline
                    </h5>
                  </div>
                  <div
                    className="col-12 col-lg-4"
                  >
                    <button
                      className="btn btn-primary btn-book w-100"
                      data-bs-target="#modalFormBook"
                      data-bs-toggle="modal"
                      data-testid="form-detail-button-book"
                      id="form-detail-button"
                      type="button"
                    >
                      <i
                        className="far fa-calendar-check ml-3"
                      />
                       Reservar
                    </button>
                    <div
                      data-testid="modal-form-book"
                    >
                      <div
                        aria-labelledby="modalFormBookLabel"
                        className="modal fade"
                        data-testid="modal-book"
                        id="modalFormBook"
                      >
                        <div
                          className="modal-dialog"
                        >
                          <div
                            className="modal-content"
                          >
                            <div
                              className="modal-header"
                            >
                              <h5
                                className="modal-title"
                                id="modalFormBookLabel"
                              >
                                Completa tu reserva
                              </h5>
                              <button
                                aria-label="Close"
                                className="btn-close"
                                data-bs-dismiss="modal"
                                type="button"
                              />
                            </div>
                            <div
                              className="modal-body"
                            >
                              <form
                                action="#"
                                data-testid="modal-book-form"
                                id="form-modal-book"
                                onReset={[Function]}
                                onSubmit={[Function]}
                              >
                                <div
                                  className="row mb-3"
                                >
                                  <div
                                    className="col-12 col-md-6 "
                                  >
                                    <label
                                      className="col-12 col-form-label"
                                      htmlFor="name"
                                    >
                                      Nombre
                                    </label>
                                    <input
                                      className="form-control col-12"
                                      data-testid="modal-book-form-name"
                                      id="book-form-name"
                                      name="name"
                                      onBlur={[Function]}
                                      onChange={[Function]}
                                      placeholder="eje: Joe Doe"
                                      value=""
                                    />
                                  </div>
                                  <div
                                    className=" col-12 col-md-6"
                                  >
                                    <label
                                      className="col-12 col-form-label"
                                      htmlFor="email"
                                    >
                                      Correo electrónico
                                    </label>
                                    <input
                                      className="form-control col-12"
                                      data-testid="modal-book-form-email"
                                      id="book-form-email"
                                      name="email"
                                      onBlur={[Function]}
                                      onChange={[Function]}
                                      placeholder="eje: joe@email.com"
                                      type="email"
                                      value=""
                                    />
                                  </div>
                                </div>
                                <div
                                  className="row mb-2"
                                >
                                  <div
                                    className="col-12 col-md-6 "
                                  >
                                    <label
                                      className="pr-2"
                                      htmlFor="identification_type"
                                    >
                                      Tipo de identificación
                                    </label>
                                    <select
                                      aria-label=".form-select-sm example"
                                      className=" d-block w-100"
                                      data-testid="modal-book-form-identification-type"
                                      id="book-form-select"
                                      name="identification_type"
                                      onBlur={[Function]}
                                      onChange={[Function]}
                                      value=""
                                    >
                                      <option
                                        value=""
                                      >
                                        Seleccione
                                      </option>
                                      <option
                                        value="1"
                                      >
                                        Cédula de ciudadanía
                                      </option>
                                      <option
                                        value="2"
                                      >
                                        Cédula de extranjeria
                                      </option>
                                      <option
                                        value="3"
                                      >
                                        Nit
                                      </option>
                                      <option
                                        value="4"
                                      >
                                        Pasaporte
                                      </option>
                                    </select>
                                  </div>
                                  <div
                                    className=" col-12 col-md-6"
                                  >
                                    <label
                                      className="pr-2"
                                      htmlFor="identification"
                                    >
                                      Identificación
                                    </label>
                                    <input
                                      className="form-control"
                                      data-testid="modal-book-form-identification"
                                      id="book-form-identification"
                                      name="identification"
                                      onBlur={[Function]}
                                      onChange={[Function]}
                                      placeholder="eje: 60830147"
                                      value=""
                                    />
                                  </div>
                                </div>
                                <div
                                  className="d-flex justify-content-between mt-3"
                                >
                                  <button
                                    className="btn btn-secondary"
                                    data-bs-dismiss="modal"
                                    data-testid="modal-book-form-btn-cancel"
                                    id="modal-form-btn-cancel"
                                    type="button"
                                  >
                                    Cancelar
                                  </button>
                                  <button
                                    className="btn btn-primary"
                                    data-testid="modal-book-form-btn-submit"
                                    id="modal-form-btn-submit"
                                    type="submit"
                                  >
                                    Finalizar
                                  </button>
                                </div>
                              </form>
                            </div>
                          </div>
                        </div>
                      </div>
                    </div>
                  </div>
                  <div
                    className="col-12 col-md-12"
                  >
                    <h4>
                      <i
                        className="far fa-money-bill-alt"
                      />
                       
                      154.000
                    </h4>
                  </div>
                  <div
                    className="col-12 col-md-12 d-flex"
                  >
                    <h6
                      className="font-weight-bold"
                      data-testid="custom-field"
                    >
                      Inicio
                       
                      <i
                        className="fas fa-calendar-alt"
                      />
                       :
                       
                      <span
                        data-testid="custom-field-value-text"
                      >
                        2021-04-13
                      </span>
                    </h6>
                    <h6
                      className="font-weight-bold"
                      data-testid="custom-field"
                    >
                      -  Fin
                       
                      <i
                        className="fas fa-calendar-alt"
                      />
                       :
                       
                      <span
                        data-testid="custom-field-value-text"
                      >
                        2021-04-30
                      </span>
                    </h6>
                  </div>
                </div>
                <p
                  className="card-text"
                >
                  Baño privado, cama doble, con nevera, Wifi, TV.
                </p>
                <div
                  className="mb-3"
                  data-testid="form-field-hotel-desc"
                >
                  <p
                    className="card-text"
                  >
                    Hotel con ambiente familiar, increible opción. Muchas comodidades
                  </p>
                  <h6
                    className="font-weight-bold"
                    data-testid="custom-field"
                  >
                    Dirección
                     
                    <i
                      className="fas fa-map-marked-alt"
                    />
                     :
                     
                    <span
                      data-testid="custom-field-value-text"
                    >
                      Calle 54 # 56 -32 Av Libre
                    </span>
                  </h6>
                </div>
                <div
                  className="row"
                >
                  <div
                    className="col col-md-6"
                  >
                    <h6
                      className="font-weight-bold"
                      data-testid="custom-field"
                    >
                      Camas
                       
                      <i
                        className="fas fa-bed"
                      />
                       :
                       
                      <span
                        data-testid="custom-field-value-text"
                      >
                        1
                      </span>
                    </h6>
                    <h6
                      className="font-weight-bold"
                      data-testid="custom-field"
                    >
                      Aire
                       
                      <i
                        className="fas fa-wind"
                      />
                       :
                       
                      <i
                        className="fas fa-check"
                        data-testid="custom-field-value-true"
                      />
                    </h6>
                    <h6
                      className="font-weight-bold"
                      data-testid="custom-field"
                    >
                      Wifi
                       
                      <i
                        className="fas fa-wifi"
                      />
                       :
                       
                      <i
                        className="fas fa-check"
                        data-testid="custom-field-value-true"
                      />
                    </h6>
                  </div>
                  <div
                    className="col col-md-6"
                  >
                    <h6
                      className="font-weight-bold"
                      data-testid="custom-field"
                    >
                      Parqueadero
                       
                      <i
                        className="fas fa-car"
                      />
                       :
                       
                      <i
                        className="fas fa-check"
                        data-testid="custom-field-value-true"
                      />
                    </h6>
                    <h6
                      className="font-weight-bold"
                      data-testid="custom-field"
                    >
                      Baños
                       
                      <i
                        className="fas fa-restroom"
                      />
                       :
                       
                      <i
                        className="fas fa-check"
                        data-testid="custom-field-value-true"
                      />
                    </h6>
                    <div
                      data-testid="star-score"
                    >
                      <i
                        className="fas fa-star"
                      />
                      <i
                        className="fas fa-star"
                      />
                      <i
                        className="fas fa-star"
                      />
                      <i
                        className="fas fa-star"
                      />
                    </div>
                  </div>
                </div>
              </div>
            </div>
          </div>
        </div>
      </div>
    </div>
  </div>
  <div
    className="w-50 d-block p-4"
  >
    <a
      className="sc-AxjAm jqjyPd"
      href="/rooms"
      onClick={[Function]}
    >
      <button
        className="btn btn-secondary w-25 ml-4"
        data-testid="btn-back-detail"
        id="btn-back-detail"
        onClick={[Function]}
        type="button"
      >
        <i
          className="fas fa-arrow-left"
        />
         Atras
      </button>
    </a>
  </div>
</div>
`;
