// Jest Snapshot v1, https://goo.gl/fbAQLP

exports[`Prueba componente App con redux Compara snapshot del componente App renderizado 1`] = `
<Provider
  store={
    Object {
      "clearActions": [Function],
      "dispatch": [Function],
      "getActions": [Function],
      "getState": [Function],
      "replaceReducer": [Function],
      "subscribe": [Function],
    }
  }
>
  <BrowserRouter>
    <App />
  </BrowserRouter>
</Provider>
`;
